******************************************************************************
                  TI ARM Linker Unix v16.9.3                   
******************************************************************************
>> Linked Wed Sep 25 02:09:15 2019

OUTPUT FILE NAME:   <CPE403-Assignment3.out>
ENTRY POINT SYMBOL: "_c_int00"  address: 000006c9


MEMORY CONFIGURATION

         name            origin    length      used     unused   attr    fill
----------------------  --------  ---------  --------  --------  ----  --------
  FLASH                 00000000   00040000  000008b2  0003f74e  R  X
  SRAM                  20000000   00008000  00000220  00007de0  RW X


SEGMENT ALLOCATION MAP

run origin  load origin   length   init length attrs members
----------  ----------- ---------- ----------- ----- -------
00000000    00000000    000008b8   000008b8    r-x
  00000000    00000000    0000026c   0000026c    r-- .intvecs
  0000026c    0000026c    0000061e   0000061e    r-x .text
  00000890    00000890    00000028   00000028    r-- .cinit
20000000    20000000    00000220   00000000    rw-
  20000000    20000000    00000200   00000000    rw- .stack
  20000200    20000200    00000020   00000000    rw- .data


SECTION ALLOCATION MAP

 output                                  attributes/
section   page    origin      length       input sections
--------  ----  ----------  ----------   ----------------
.intvecs   0    00000000    0000026c     
                  00000000    0000026c     tm4c123gh6pm_startup_ccs.obj (.intvecs)

.text      0    0000026c    0000061e     
                  0000026c    00000132     driverlib.lib : gpio.obj (.text:GPIOPadConfigSet)
                  0000039e    00000002     rtsv7M4_T_le_v4SPD16_eabi.lib : mpu_init.obj (.text)
                  000003a0    000000f4     driverlib.lib : sysctl.obj (.text:SysCtlClockSet)
                  00000494    000000c0     main.obj (.text)
                  00000554    0000009c     rtsv7M4_T_le_v4SPD16_eabi.lib : memcpy_t2.obj (.text)
                  000005f0    00000070                                   : autoinit.obj (.text)
                  00000660    00000068                                   : copy_decompress_lzss.obj (.text:decompress:lzss)
                  000006c8    00000054                                   : boot.obj (.text)
                  0000071c    00000054                                   : exit.obj (.text)
                  00000770    0000004c                                   : cpy_tbl.obj (.text)
                  000007bc    00000034     driverlib.lib : sysctl.obj (.text:SysCtlPeripheralEnable)
                  000007f0    0000002a                   : gpio.obj (.text:GPIODirModeSet)
                  0000081a    00000018                   : gpio.obj (.text:GPIOPinTypeGPIOOutput)
                  00000832    00000002     rtsv7M4_T_le_v4SPD16_eabi.lib : startup.obj (.text)
                  00000834    00000018                                   : args_main.obj (.text)
                  0000084c    00000014                                   : _lock.obj (.text)
                  00000860    0000000e                                   : copy_decompress_none.obj (.text:decompress:none)
                  0000086e    0000000c     tm4c123gh6pm_startup_ccs.obj (.text)
                  0000087a    00000006     driverlib.lib : gpio.obj (.text:GPIOPinWrite)
                  00000880    00000006                   : sysctl.obj (.text:SysCtlDelay)
                  00000886    00000004     rtsv7M4_T_le_v4SPD16_eabi.lib : pre_init.obj (.text)

.cinit     0    00000890    00000028     
                  00000890    00000016     (.cinit..data.load) [load image, compression = lzss]
                  000008a6    00000002     --HOLE-- [fill = 0]
                  000008a8    00000008     (__TI_handler_table)
                  000008b0    00000008     (__TI_cinit_table)

.init_array 
*          0    00000000    00000000     UNINITIALIZED

.data      0    20000200    00000020     UNINITIALIZED
                  20000200    0000000c     rtsv7M4_T_le_v4SPD16_eabi.lib : exit.obj (.data:$O1$$)
                  2000020c    00000008                                   : _lock.obj (.data:$O1$$)
                  20000214    00000008     main.obj (.data)
                  2000021c    00000004     rtsv7M4_T_le_v4SPD16_eabi.lib : stkdepth_vars.obj (.data)

.stack     0    20000000    00000200     UNINITIALIZED
                  20000000    00000200     --HOLE--

MODULE SUMMARY

       Module                         code   ro data   rw data
       ------                         ----   -------   -------
    ./
       tm4c123gh6pm_startup_ccs.obj   12     620       0      
       main.obj                       192    0         8      
    +--+------------------------------+------+---------+---------+
       Total:                         204    620       8      
                                                              
    /Applications/ti/ccsv7/tools/compiler/ti-cgt-arm_16.9.3.LTS/lib/rtsv7M4_T_le_v4SPD16_eabi.lib
       memcpy_t2.obj                  156    0         0      
       autoinit.obj                   112    0         0      
       copy_decompress_lzss.obj       104    0         0      
       exit.obj                       84     0         12     
       boot.obj                       84     0         0      
       cpy_tbl.obj                    76     0         0      
       _lock.obj                      20     0         8      
       args_main.obj                  24     0         0      
       copy_decompress_none.obj       14     0         0      
       pre_init.obj                   4      0         0      
       stkdepth_vars.obj              0      0         4      
       mpu_init.obj                   2      0         0      
       startup.obj                    2      0         0      
    +--+------------------------------+------+---------+---------+
       Total:                         682    0         24     
                                                              
    /Users/alexchen/ti/tivaware_c_series_2_1_4_178/driverlib/ccs/Debug/driverlib.lib
       gpio.obj                       378    0         0      
       sysctl.obj                     302    0         0      
    +--+------------------------------+------+---------+---------+
       Total:                         680    0         0      
                                                              
       Stack:                         0      0         512    
       Linker Generated:              0      38        0      
    +--+------------------------------+------+---------+---------+
       Grand Total:                   1566   658       544    


LINKER GENERATED COPY TABLES

__TI_cinit_table @ 000008b0 records: 1, size/record: 8, table size: 8
	.data: load addr=00000890, load size=00000016 bytes, run addr=20000200, run size=00000020 bytes, compression=lzss


LINKER GENERATED HANDLER TABLE

__TI_handler_table @ 000008a8 records: 2, size/record: 4, table size: 8
	index: 0, handler: __TI_decompress_lzss
	index: 1, handler: __TI_decompress_none


GLOBAL SYMBOLS: SORTED ALPHABETICALLY BY Name 

address   name                           
-------   ----                           
0000071d  C$$EXIT                        
000007f1  GPIODirModeSet                 
0000026d  GPIOPadConfigSet               
0000081b  GPIOPinTypeGPIOOutput          
0000087b  GPIOPinWrite                   
0000086f  ResetISR                       
UNDEFED   SHT$$INIT_ARRAY$$Base          
UNDEFED   SHT$$INIT_ARRAY$$Limit         
000003a1  SysCtlClockSet                 
00000881  SysCtlDelay                    
000007bd  SysCtlPeripheralEnable         
20000200  __STACK_END                    
00000200  __STACK_SIZE                   
20000200  __STACK_TOP                    
000008b0  __TI_CINIT_Base                
000008b8  __TI_CINIT_Limit               
000008a8  __TI_Handler_Table_Base        
000008b0  __TI_Handler_Table_Limit       
000005f1  __TI_auto_init                 
20000200  __TI_cleanup_ptr               
00000661  __TI_decompress_lzss           
00000861  __TI_decompress_none           
20000204  __TI_dtors_ptr                 
20000208  __TI_enable_exit_profile_output
ffffffff  __TI_pprof_out_hndl            
ffffffff  __TI_prof_data_size            
ffffffff  __TI_prof_data_start           
00000000  __TI_static_base__             
00000555  __aeabi_memcpy                 
00000555  __aeabi_memcpy4                
00000555  __aeabi_memcpy8                
ffffffff  __binit__                      
ffffffff  __c_args__                     
0000039f  __mpu_init                     
20000000  __stack                        
00000835  _args_main                     
000006c9  _c_int00                       
2000020c  _lock                          
0000085b  _nop                           
00000853  _register_lock                 
0000084d  _register_unlock               
00000833  _system_post_cinit             
00000887  _system_pre_init               
20000210  _unlock                        
00000721  abort                          
ffffffff  binit                          
00000771  copy_in                        
00000729  exit                           
00000000  g_pfnVectors                   
00000495  main                           
2000021c  main_func_sp                   
00000555  memcpy                         
20000218  newdata                        
20000214  ui8PinData                     


GLOBAL SYMBOLS: SORTED BY Symbol Address 

address   name                           
-------   ----                           
00000000  __TI_static_base__             
00000000  g_pfnVectors                   
00000200  __STACK_SIZE                   
0000026d  GPIOPadConfigSet               
0000039f  __mpu_init                     
000003a1  SysCtlClockSet                 
00000495  main                           
00000555  __aeabi_memcpy                 
00000555  __aeabi_memcpy4                
00000555  __aeabi_memcpy8                
00000555  memcpy                         
000005f1  __TI_auto_init                 
00000661  __TI_decompress_lzss           
000006c9  _c_int00                       
0000071d  C$$EXIT                        
00000721  abort                          
00000729  exit                           
00000771  copy_in                        
000007bd  SysCtlPeripheralEnable         
000007f1  GPIODirModeSet                 
0000081b  GPIOPinTypeGPIOOutput          
00000833  _system_post_cinit             
00000835  _args_main                     
0000084d  _register_unlock               
00000853  _register_lock                 
0000085b  _nop                           
00000861  __TI_decompress_none           
0000086f  ResetISR                       
0000087b  GPIOPinWrite                   
00000881  SysCtlDelay                    
00000887  _system_pre_init               
000008a8  __TI_Handler_Table_Base        
000008b0  __TI_CINIT_Base                
000008b0  __TI_Handler_Table_Limit       
000008b8  __TI_CINIT_Limit               
20000000  __stack                        
20000200  __STACK_END                    
20000200  __STACK_TOP                    
20000200  __TI_cleanup_ptr               
20000204  __TI_dtors_ptr                 
20000208  __TI_enable_exit_profile_output
2000020c  _lock                          
20000210  _unlock                        
20000214  ui8PinData                     
20000218  newdata                        
2000021c  main_func_sp                   
ffffffff  __TI_pprof_out_hndl            
ffffffff  __TI_prof_data_size            
ffffffff  __TI_prof_data_start           
ffffffff  __binit__                      
ffffffff  __c_args__                     
ffffffff  binit                          
UNDEFED   SHT$$INIT_ARRAY$$Base          
UNDEFED   SHT$$INIT_ARRAY$$Limit         

[54 symbols]
